#-----------------------------------------------------------
# Webtalk v2020.1 (64-bit)
# SW Build 2902540 on Wed May 27 19:54:49 MDT 2020
# IP Build 2902112 on Wed May 27 22:43:36 MDT 2020
# Start of session at: Sun Sep 20 18:19:31 2020
# Process ID: 3996
# Current directory: D:/Xilinx/Projects/The_Little_Rover_that_could/The_Little_Rover_that_could.sim/sim_1/behav/xsim
# Command line: wbtcv.exe -mode batch -source D:/Xilinx/Projects/The_Little_Rover_that_could/The_Little_Rover_that_could.sim/sim_1/behav/xsim/xsim.dir/Seven_Seg_Testbench_behav/webtalk/xsim_webtalk.tcl -notrace
# Log file: D:/Xilinx/Projects/The_Little_Rover_that_could/The_Little_Rover_that_could.sim/sim_1/behav/xsim/webtalk.log
# Journal file: D:/Xilinx/Projects/The_Little_Rover_that_could/The_Little_Rover_that_could.sim/sim_1/behav/xsim\webtalk.jou
#-----------------------------------------------------------
source D:/Xilinx/Projects/The_Little_Rover_that_could/The_Little_Rover_that_could.sim/sim_1/behav/xsim/xsim.dir/Seven_Seg_Testbench_behav/webtalk/xsim_webtalk.tcl -notrace
